[2026-09-15T01:10:48Z] === ENRICH ITERATION 1 START | repo=pygments/pygments sha=4d555d0f ===
[2026-09-15T01:10:48Z] [iter=1] PHASE START: enrich repo=pygments/pygments sha=4d555d0f runlog=/home/runner/work/forx/forx/storage/aggregate/lsp/logs/4d555d0f-enrich-iter-001.log output=/home/runner/work/forx/forx/storage/aggregate/lsp/4d555d0fffc914a2a4ac9874416cdaaf8f8c9e74.nq.gz
[2026-09-15T01:10:52Z] [iter=1] Step 1: Loading AST into disk-backed store mem_mb=80 MB
[2026-09-15T01:11:47Z] [iter=1] AST store loaded triples=6033932 load_secs=53 mem_mb=951 MB
[2026-09-15T01:11:47Z] [iter=1] Step 2: Finding LSP targets mem_mb=951 MB
[2026-09-15T01:12:02Z] [iter=1] LSP targets found call_sites=14141 imports=38 extends=15 implements=2 secs=15
[2026-09-15T01:12:16Z] [iter=1] Step 2.7: Building position index (one-shot, shared across resolvers) mem_mb=951 MB
[2026-09-15T01:12:58Z] [iter=1] Position index built positions=466304 nodes_with_types=609376 secs=42 mem_mb=1219 MB
[2026-09-15T01:12:58Z] [iter=1] Step 3: Starting LSP resolution mem_mb=1219 MB already_completed_types=[] already_completed_files=0
[2026-09-15T01:12:58Z] [iter=1] Resolving target type target_type=call_site count=14141
[2026-09-15T01:12:59Z] [iter=1] HEARTBEAT target_type=call_site elapsed_min=2.2 files_done=0 resolved=0 errors=0 current=pygments/lexers/stata.py
[2026-09-15T01:13:29Z] [iter=1] HEARTBEAT target_type=call_site elapsed_min=2.7 files_done=1 resolved=0 errors=12 current=pygments/lexers/typoscript.py
[2026-09-15T01:14:31Z] [iter=1] HEARTBEAT target_type=call_site elapsed_min=3.7 files_done=2 resolved=0 errors=37 current=pygments/lexers/mime.py
[2026-09-15T01:18:41Z] [iter=1] HEARTBEAT target_type=call_site elapsed_min=7.9 files_done=4 resolved=20 errors=135 current=tests/test_basic_api.py
[2026-09-15T01:20:04Z] [iter=1] HEARTBEAT target_type=call_site elapsed_min=9.3 files_done=5 resolved=82 errors=168 current=pygments/lexers/templates.py
[2026-09-15T01:32:00Z] [iter=1] HEARTBEAT target_type=call_site elapsed_min=21.2 files_done=6 resolved=164 errors=457 current=pygments/lexers/lisp.py
[2026-09-15T01:34:13Z] [iter=1] HEARTBEAT target_type=call_site elapsed_min=23.4 files_done=7 resolved=172 errors=510 current=pygments/lexers/parsers.py
[2026-09-15T01:37:21Z] [iter=1] HEARTBEAT target_type=call_site elapsed_min=26.5 files_done=8 resolved=202 errors=586 current=tests/test_apache_conf.py
[2026-09-15T01:41:06Z] [iter=1] HEARTBEAT target_type=call_site elapsed_min=30.3 files_done=11 resolved=261 errors=672 current=pygments/lexers/gdscript.py
[2026-09-15T01:42:20Z] [iter=1] HEARTBEAT target_type=call_site elapsed_min=31.5 files_done=12 resolved=266 errors=702 current=pygments/formatters/rtf.py
[2026-09-15T01:47:46Z] [iter=1] HEARTBEAT target_type=call_site elapsed_min=37.0 files_done=14 resolved=324 errors=833 current=pygments/lexers/crystal.py
[2026-09-15T01:49:32Z] [iter=1] HEARTBEAT target_type=call_site elapsed_min=38.7 files_done=15 resolved=349 errors=875 current=pygments/lexers/pascal.py
[2026-09-15T01:53:22Z] [iter=1] HEARTBEAT target_type=call_site elapsed_min=42.6 files_done=16 resolved=368 errors=936 current=pygments/formatters/_mapping.py
[2026-09-15T01:57:29Z] [iter=1] HEARTBEAT target_type=call_site elapsed_min=46.7 files_done=18 resolved=396 errors=1036 current=tests/test_usd.py
[2026-09-15T01:58:22Z] [iter=1] HEARTBEAT target_type=call_site elapsed_min=47.6 files_done=19 resolved=425 errors=1057 current=pygments/lexers/webmisc.py
[2026-09-15T02:03:11Z] [iter=1] HEARTBEAT target_type=call_site elapsed_min=52.4 files_done=20 resolved=454 errors=1170 current=pygments/lexer.py
[2026-09-15T02:05:17Z] [iter=1] HEARTBEAT target_type=call_site elapsed_min=54.5 files_done=21 resolved=565 errors=1208 current=pygments/lexers/python.py
[2026-09-15T02:12:41Z] [iter=1] HEARTBEAT target_type=call_site elapsed_min=61.9 files_done=22 resolved=582 errors=1388 current=pygments/lexers/_lua_builtins.py
[2026-09-15T02:15:27Z] [iter=1] HEARTBEAT target_type=call_site elapsed_min=64.6 files_done=24 resolved=622 errors=1454 current=tests/test_regexopt.py
[2026-09-15T02:17:55Z] [iter=1] HEARTBEAT target_type=call_site elapsed_min=67.1 files_done=27 resolved=742 errors=1511 current=tests/test_r.py
[2026-09-15T02:18:59Z] [iter=1] HEARTBEAT target_type=call_site elapsed_min=68.2 files_done=29 resolved=750 errors=1537 current=pygments/lexers/css.py
[2026-09-15T02:21:19Z] [iter=1] HEARTBEAT target_type=call_site elapsed_min=70.5 files_done=30 resolved=761 errors=1593 current=pygments/formatters/img.py
[2026-09-15T02:23:30Z] [iter=1] HEARTBEAT target_type=call_site elapsed_min=72.7 files_done=31 resolved=808 errors=1645 current=pygments/lexers/dotnet.py
[2026-09-15T02:25:45Z] [iter=1] HEARTBEAT target_type=call_site elapsed_min=75.0 files_done=32 resolved=821 errors=1700 current=pygments/lexers/_php_builtins.py
[2026-09-15T02:28:27Z] [iter=1] HEARTBEAT target_type=call_site elapsed_min=77.7 files_done=34 resolved=865 errors=1765 current=pygments/lexers/int_fiction.py
[2026-09-15T02:38:50Z] [iter=1] HEARTBEAT target_type=call_site elapsed_min=88.0 files_done=35 resolved=884 errors=2015 current=pygments/util.py
[2026-09-15T02:40:27Z] [iter=1] HEARTBEAT target_type=call_site elapsed_min=89.7 files_done=37 resolved=990 errors=2052 current=pygments/sphinxext.py
[2026-09-15T02:42:07Z] [iter=1] HEARTBEAT target_type=call_site elapsed_min=91.3 files_done=39 resolved=1098 errors=2089 current=pygments/filters/__init__.py
[2026-09-15T02:43:19Z] [iter=1] HEARTBEAT target_type=call_site elapsed_min=92.5 files_done=40 resolved=1121 errors=2118 current=pygments/lexers/smalltalk.py
[2026-09-15T02:44:33Z] [iter=1] HEARTBEAT target_type=call_site elapsed_min=93.7 files_done=41 resolved=1121 errors=2148 current=pygments/lexers/felix.py
[2026-09-15T02:45:49Z] [iter=1] HEARTBEAT target_type=call_site elapsed_min=95.0 files_done=42 resolved=1124 errors=2179 current=pygments/lexers/data.py
[2026-09-15T02:47:33Z] [iter=1] HEARTBEAT target_type=call_site elapsed_min=96.8 files_done=43 resolved=1152 errors=2217 current=pygments/lexers/erlang.py
[2026-09-15T02:49:42Z] [iter=1] HEARTBEAT target_type=call_site elapsed_min=98.9 files_done=44 resolved=1187 errors=2269 current=pygments/lexers/textfmts.py
[2026-09-15T02:51:06Z] [iter=1] HEARTBEAT target_type=call_site elapsed_min=100.3 files_done=45 resolved=1191 errors=2302 current=pygments/formatters/bbcode.py
[2026-09-15T02:51:42Z] [iter=1] HEARTBEAT target_type=call_site elapsed_min=100.9 files_done=47 resolved=1199 errors=2316 current=tests/test_latex_formatter.py
[2026-09-15T02:56:43Z] [iter=1] HEARTBEAT target_type=call_site elapsed_min=105.9 files_done=50 resolved=1280 errors=2436 current=pygments/formatters/svg.py
[2026-09-15T02:57:16Z] [iter=1] HEARTBEAT target_type=call_site elapsed_min=106.5 files_done=51 resolved=1283 errors=2449 current=pygments/lexers/installers.py
[2026-09-15T02:58:27Z] [iter=1] HEARTBEAT target_type=call_site elapsed_min=107.6 files_done=52 resolved=1283 errors=2478 current=tests/test_markdown_lexer.py
[2026-09-15T02:59:03Z] [iter=1] HEARTBEAT target_type=call_site elapsed_min=108.3 files_done=54 resolved=1372 errors=2491 current=pygments/lexers/objective.py
[2026-09-15T03:01:21Z] [iter=1] HEARTBEAT target_type=call_site elapsed_min=110.6 files_done=55 resolved=1379 errors=2547 current=pygments/cmdline.py
[2026-09-15T03:03:18Z] [iter=1] HEARTBEAT target_type=call_site elapsed_min=112.5 files_done=56 resolved=1504 errors=2593 current=pygments/lexers/hdl.py
[2026-09-15T03:04:40Z] [iter=1] HEARTBEAT target_type=call_site elapsed_min=113.9 files_done=57 resolved=1504 errors=2626 current=pygments/lexers/esoteric.py
[2026-09-15T03:07:08Z] [iter=1] HEARTBEAT target_type=call_site elapsed_min=116.3 files_done=59 resolved=1537 errors=2685 current=pygments/lexers/praat.py
[2026-09-15T03:08:59Z] [iter=1] HEARTBEAT target_type=call_site elapsed_min=118.2 files_done=60 resolved=1537 errors=2730 current=tests/test_unistring.py
[2026-09-15T03:09:43Z] [iter=1] HEARTBEAT target_type=call_site elapsed_min=118.9 files_done=63 resolved=1619 errors=2747 current=pygments/lexers/haxe.py
[2026-09-15T03:16:28Z] [iter=1] HEARTBEAT target_type=call_site elapsed_min=125.7 files_done=64 resolved=1622 errors=2911 current=pygments/lexers/rebol.py
[2026-09-15T03:17:17Z] [iter=1] HEARTBEAT target_type=call_site elapsed_min=126.5 files_done=66 resolved=1670 errors=2930 current=tests/test_objectiveclexer.py
[2026-09-15T03:19:55Z] [iter=1] HEARTBEAT target_type=call_site elapsed_min=129.1 files_done=68 resolved=1688 errors=2994 current=tests/test_matlab.py
[2026-09-15T03:21:13Z] [iter=1] HEARTBEAT target_type=call_site elapsed_min=130.4 files_done=70 resolved=1712 errors=3025 current=pygments/lexers/fantom.py
[2026-09-15T03:23:48Z] [iter=1] HEARTBEAT target_type=call_site elapsed_min=133.0 files_done=71 resolved=1715 errors=3088 current=pygments/lexers/make.py
[2026-09-15T03:24:39Z] [iter=1] HEARTBEAT target_type=call_site elapsed_min=133.8 files_done=72 resolved=1725 errors=3104 current=scripts/detect_missing_analyse_text.py
[2026-09-15T03:25:57Z] [iter=1] HEARTBEAT target_type=call_site elapsed_min=135.2 files_done=74 resolved=1761 errors=3135 current=pygments/lexers/javascript.py
[2026-09-15T03:33:12Z] [iter=1] HEARTBEAT target_type=call_site elapsed_min=142.4 files_done=75 resolved=1772 errors=3308 current=pygments/formatters/html.py
[2026-09-15T03:35:28Z] [iter=1] HEARTBEAT target_type=call_site elapsed_min=144.7 files_done=76 resolved=1852 errors=3362 current=pygments/lexers/bibtex.py
[2026-09-15T03:36:18Z] [iter=1] HEARTBEAT target_type=call_site elapsed_min=145.5 files_done=77 resolved=1853 errors=3382 current=pygments/lexers/c_like.py
[2026-09-15T03:37:37Z] [iter=1] HEARTBEAT target_type=call_site elapsed_min=146.8 files_done=78 resolved=1854 errors=3414 current=pygments/lexers/textedit.py
[2026-09-15T03:38:12Z] [iter=1] HEARTBEAT target_type=call_site elapsed_min=147.4 files_done=79 resolved=1860 errors=3428 current=pygments/lexers/modula2.py
[2026-09-15T03:39:37Z] [iter=1] HEARTBEAT target_type=call_site elapsed_min=148.8 files_done=80 resolved=1915 errors=3450 current=tests/test_shell.py
[2026-09-15T03:40:48Z] [iter=1] HEARTBEAT target_type=call_site elapsed_min=150.0 files_done=83 resolved=1939 errors=3478 current=pygments/lexers/special.py
[2026-09-15T03:41:48Z] [iter=1] HEARTBEAT target_type=call_site elapsed_min=151.0 files_done=85 resolved=1960 errors=3501 current=pygments/lexers/dsls.py
[2026-09-15T03:45:51Z] [iter=1] HEARTBEAT target_type=call_site elapsed_min=155.0 files_done=86 resolved=1979 errors=3599 current=pygments/lexers/jvm.py
[2026-09-15T03:51:53Z] [iter=1] HEARTBEAT target_type=call_site elapsed_min=161.1 files_done=87 resolved=1982 errors=3746 current=pygments/lexers/igor.py
[2026-09-15T03:52:31Z] [iter=1] HEARTBEAT target_type=call_site elapsed_min=161.7 files_done=89 resolved=2003 errors=3760 current=pygments/lexers/ecl.py
[2026-09-15T03:53:52Z] [iter=1] HEARTBEAT target_type=call_site elapsed_min=163.1 files_done=91 resolved=2070 errors=3786 current=pygments/__init__.py
[2026-09-15T03:54:29Z] [iter=1] HEARTBEAT target_type=call_site elapsed_min=163.7 files_done=98 resolved=2184 errors=3799 current=scripts/check_sources.py
[2026-09-15T03:56:44Z] [iter=1] HEARTBEAT target_type=call_site elapsed_min=165.9 files_done=102 resolved=2258 errors=3853 current=pygments/lexers/asm.py
[2026-09-15T03:59:42Z] [iter=1] HEARTBEAT target_type=call_site elapsed_min=168.9 files_done=103 resolved=2267 errors=3925 current=pygments/formatters/terminal256.py
[2026-09-15T04:00:32Z] [iter=1] HEARTBEAT target_type=call_site elapsed_min=169.7 files_done=104 resolved=2321 errors=3945 current=pygments/lexers/smv.py
[2026-09-15T04:02:18Z] [iter=1] HEARTBEAT target_type=call_site elapsed_min=171.5 files_done=106 resolved=2321 errors=3988 current=pygments/lexers/tnt.py
[2026-09-15T04:04:26Z] [iter=1] HEARTBEAT target_type=call_site elapsed_min=173.6 files_done=107 resolved=2383 errors=4015 current=pygments/lexers/modeling.py
[2026-09-15T04:05:13Z] [iter=1] HEARTBEAT target_type=call_site elapsed_min=174.4 files_done=108 resolved=2397 errors=4034 current=pygments/lexers/graphics.py
[2026-09-15T04:07:53Z] [iter=1] HEARTBEAT target_type=call_site elapsed_min=177.1 files_done=109 resolved=2403 errors=4099 current=tests/test_cmdline.py
[2026-09-15T04:09:47Z] [iter=1] HEARTBEAT target_type=call_site elapsed_min=179.0 files_done=110 resolved=2448 errors=4145 current=pygments/lexers/haskell.py
[2026-09-15T04:12:09Z] [iter=1] HEARTBEAT target_type=call_site elapsed_min=181.3 files_done=111 resolved=2486 errors=4201 current=pygments/lexers/fortran.py
[2026-09-15T04:12:44Z] [iter=1] HEARTBEAT target_type=call_site elapsed_min=181.9 files_done=113 resolved=2506 errors=4215 current=pygments/unistring.py
[2026-09-15T04:13:30Z] [iter=1] HEARTBEAT target_type=call_site elapsed_min=182.7 files_done=116 resolved=2544 errors=4233 current=pygments/lexers/inferno.py
[2026-09-15T04:14:07Z] [iter=1] HEARTBEAT target_type=call_site elapsed_min=183.3 files_done=118 resolved=2545 errors=4248 current=tests/test_tnt.py
[2026-09-15T04:16:13Z] [iter=1] HEARTBEAT target_type=call_site elapsed_min=185.4 files_done=121 resolved=2588 errors=4297 current=pygments/lexers/qvt.py
[2026-09-15T04:16:53Z] [iter=1] HEARTBEAT target_type=call_site elapsed_min=186.1 files_done=122 resolved=2588 errors=4313 current=pygments/lexers/d.py
[2026-09-15T04:18:12Z] [iter=1] HEARTBEAT target_type=call_site elapsed_min=187.4 files_done=126 resolved=2604 errors=4338 current=tests/test_analyze_lexer.py
[2026-09-15T04:18:53Z] [iter=1] HEARTBEAT target_type=call_site elapsed_min=188.1 files_done=128 resolved=2635 errors=4354 current=pygments/lexers/grammar_notation.py
[2026-09-15T04:20:12Z] [iter=1] HEARTBEAT target_type=call_site elapsed_min=189.4 files_done=130 resolved=2649 errors=4386 current=pygments/lexers/matlab.py
[2026-09-15T04:21:05Z] [iter=1] HEARTBEAT target_type=call_site elapsed_min=190.3 files_done=131 resolved=2675 errors=4407 current=pygments/lexers/verification.py
[2026-09-15T04:22:07Z] [iter=1] HEARTBEAT target_type=call_site elapsed_min=191.3 files_done=134 resolved=2701 errors=4432 current=tests/test_rdf.py
[2026-09-15T04:23:24Z] [iter=1] HEARTBEAT target_type=call_site elapsed_min=192.6 files_done=137 resolved=2714 errors=4463 current=tests/test_praat.py
[2026-09-15T04:24:47Z] [iter=1] HEARTBEAT target_type=call_site elapsed_min=194.0 files_done=139 resolved=2729 errors=4496 current=pygments/lexers/_postgres_builtins.py
[2026-09-15T04:25:27Z] [iter=1] HEARTBEAT target_type=call_site elapsed_min=194.7 files_done=141 resolved=2799 errors=4512 current=tests/test_sql.py
[2026-09-15T04:26:02Z] [iter=1] HEARTBEAT target_type=call_site elapsed_min=195.2 files_done=142 resolved=2812 errors=4526 current=pygments/lexers/scripting.py
[2026-09-15T04:28:33Z] [iter=1] HEARTBEAT target_type=call_site elapsed_min=197.7 files_done=143 resolved=2845 errors=4586 current=tests/test_coffeescript.py
[2026-09-15T04:30:47Z] [iter=1] HEARTBEAT target_type=call_site elapsed_min=200.0 files_done=145 resolved=2850 errors=4640 current=pygments/lexers/r.py
[2026-09-15T04:31:20Z] [iter=1] HEARTBEAT target_type=call_site elapsed_min=200.5 files_done=146 resolved=2859 errors=4653 current=pygments/lexers/dalvik.py
[2026-09-15T04:31:57Z] [iter=1] HEARTBEAT target_type=call_site elapsed_min=201.2 files_done=147 resolved=2862 errors=4668 current=pygments/lexers/roboconf.py
[2026-09-15T04:33:14Z] [iter=1] HEARTBEAT target_type=call_site elapsed_min=202.4 files_done=149 resolved=2862 errors=4699 current=tests/test_java.py
[2026-09-15T04:34:19Z] [iter=1] HEARTBEAT target_type=call_site elapsed_min=203.5 files_done=153 resolved=2873 errors=4725 current=pygments/lexers/zig.py
[2026-09-15T04:36:03Z] [iter=1] HEARTBEAT target_type=call_site elapsed_min=205.3 files_done=156 resolved=2877 errors=4767 current=tests/test_cfm.py
[2026-09-15T04:37:03Z] [iter=1] HEARTBEAT target_type=call_site elapsed_min=206.2 files_done=159 resolved=2898 errors=4791 current=tests/test_data.py
[2026-09-15T04:37:51Z] [iter=1] HEARTBEAT target_type=call_site elapsed_min=207.0 files_done=163 resolved=2929 errors=4810 current=pygments/lexers/whiley.py
[2026-09-15T04:38:28Z] [iter=1] HEARTBEAT target_type=call_site elapsed_min=207.7 files_done=165 resolved=2934 errors=4825 current=pygments/modeline.py
[2026-09-15T04:39:01Z] [iter=1] HEARTBEAT target_type=call_site elapsed_min=208.2 files_done=168 resolved=2939 errors=4838 current=pygments/lexers/supercollider.py
[2026-09-15T04:39:36Z] [iter=1] HEARTBEAT target_type=call_site elapsed_min=208.8 files_done=171 resolved=2973 errors=4852 current=tests/test_kotlin.py
[2026-09-15T04:41:29Z] [iter=1] HEARTBEAT target_type=call_site elapsed_min=210.7 files_done=173 resolved=2987 errors=4897 current=pygments/lexers/rdf.py
[2026-09-15T04:42:16Z] [iter=1] HEARTBEAT target_type=call_site elapsed_min=211.5 files_done=175 resolved=2988 errors=4916 current=pygments/lexers/slash.py
[2026-09-15T04:43:03Z] [iter=1] HEARTBEAT target_type=call_site elapsed_min=212.3 files_done=176 resolved=2990 errors=4935 current=pygments/lexers/automation.py
[2026-09-15T04:44:01Z] [iter=1] HEARTBEAT target_type=call_site elapsed_min=213.2 files_done=177 resolved=2996 errors=4958 current=pygments/lexers/scdoc.py
[2026-09-15T04:44:41Z] [iter=1] HEARTBEAT target_type=call_site elapsed_min=213.9 files_done=179 resolved=3000 errors=4974 current=pygments/lexers/ampl.py
[2026-09-15T04:45:21Z] [iter=1] HEARTBEAT target_type=call_site elapsed_min=214.5 files_done=181 resolved=3001 errors=4990 current=pygments/lexers/devicetree.py
[2026-09-15T04:46:03Z] [iter=1] HEARTBEAT target_type=call_site elapsed_min=215.2 files_done=182 resolved=3001 errors=5007 current=tests/test_haskell.py
[2026-09-15T04:47:09Z] [iter=1] HEARTBEAT target_type=call_site elapsed_min=216.3 files_done=192 resolved=3094 errors=5032 current=pygments/lexers/console.py
[2026-09-15T04:47:43Z] [iter=1] HEARTBEAT target_type=call_site elapsed_min=216.9 files_done=198 resolved=3120 errors=5045 current=pygments/plugin.py
[2026-09-15T04:48:20Z] [iter=1] HEARTBEAT target_type=call_site elapsed_min=217.5 files_done=200 resolved=3120 errors=5060 current=tests/test_textfmts.py
[2026-09-15T04:48:50Z] [iter=1] HEARTBEAT target_type=call_site elapsed_min=218.0 files_done=202 resolved=3127 errors=5072 current=pygments/lexers/dylan.py
[2026-09-15T04:49:55Z] [iter=1] HEARTBEAT target_type=call_site elapsed_min=219.1 files_done=205 resolved=3164 errors=5098 current=pygments/lexers/promql.py
[2026-09-15T04:50:40Z] [iter=1] HEARTBEAT target_type=call_site elapsed_min=219.9 files_done=208 resolved=3166 errors=5116 current=pygments/lexers/email.py
[2026-09-15T04:51:17Z] [iter=1] HEARTBEAT target_type=call_site elapsed_min=220.5 files_done=212 resolved=3172 errors=5131 current=pygments/lexers/arrow.py
[2026-09-15T04:51:55Z] [iter=1] HEARTBEAT target_type=call_site elapsed_min=221.1 files_done=213 resolved=3172 errors=5146 current=pygments/lexers/ooc.py
[2026-09-15T04:52:29Z] [iter=1] HEARTBEAT target_type=call_site elapsed_min=221.7 files_done=216 resolved=3172 errors=5160 current=pygments/styles/solarized.py
[2026-09-15T04:53:25Z] [iter=1] HEARTBEAT target_type=call_site elapsed_min=222.6 files_done=221 resolved=3185 errors=5182 current=pygments/lexers/capnproto.py
[2026-09-15T04:54:15Z] [iter=1] HEARTBEAT target_type=call_site elapsed_min=223.4 files_done=224 resolved=3193 errors=5202 current=tests/test_token.py
[2026-09-15T04:54:59Z] [iter=1] HEARTBEAT target_type=call_site elapsed_min=224.2 files_done=228 resolved=3202 errors=5220 current=pygments/formatters/terminal.py
[2026-09-15T04:55:53Z] [iter=1] HEARTBEAT target_type=call_site elapsed_min=225.1 files_done=232 resolved=3220 errors=5241 current=pygments/lexers/xorg.py
[2026-09-15T04:56:33Z] [iter=1] HEARTBEAT target_type=call_site elapsed_min=225.8 files_done=243 resolved=3240 errors=5257 current=pygments/lexers/x10.py
[2026-09-15T04:57:03Z] [iter=1] HEARTBEAT target_type=call_site elapsed_min=226.3 files_done=251 resolved=3252 errors=5269 current=pygments/lexers/sieve.py
[2026-09-15T05:10:52Z] [iter=1] CHECKPOINT TRIGGERED elapsed_min=240.1 files_completed=259 new_files_this_iter=259 mem_mb=1257 MB
[2026-09-15T05:10:52Z] [iter=1] Writing partial enrichment graph path=/home/runner/work/forx/forx/storage/aggregate/lsp/4d555d0fffc914a2a4ac9874416cdaaf8f8c9e74.nq.gz triples=49826
[2026-09-15T05:10:53Z] [iter=1] Checkpoint written, exiting with code 7
[2026-09-15T05:10:53Z] [iter=1] PHASE END: enrich (checkpointed) elapsed_s=14404 elapsed_min=240.1 files_completed=259
